npm warn cleanup Failed to remove some directories [
npm warn cleanup   [
npm warn cleanup     'C:\\dev\\cv\\node_modules\\next',
npm warn cleanup     [Error: EPERM: operation not permitted, rmdir 'C:\dev\cv\node_modules\next\dist\server\future\normalizers\built'] {
npm warn cleanup       errno: -4048,
npm warn cleanup       code: 'EPERM',
npm warn cleanup       syscall: 'rmdir',
npm warn cleanup       path: 'C:\\dev\\cv\\node_modules\\next\\dist\\server\\future\\normalizers\\built'
npm warn cleanup     }
npm warn cleanup   ]
npm warn cleanup ]
npm error code ECONNRESET
npm error syscall read
npm error errno -4077
npm error network read ECONNRESET
npm error network This is a problem related to network connectivity.
npm error network In most cases you are behind a proxy or have bad network settings.
npm error network
npm error network If you are behind a proxy, please make sure that the 'proxy' config is set properly.  See: 'npm help config'
npm error A complete log of this run can be found in: C:\Users\USER\AppData\Local\npm-cache\_logs\2026-06-09T22_21_37_821Z-debug-0.log
